// Jest Snapshot v1, https://goo.gl/fbAQLP

exports[`renders homepage unchanged 1`] = `
<div>
  <div
    class="min-h-screen bg-[#F6F3EE]"
  >
    <div
      class="relative w-full flex justify-between p-4 shadow-lg z-[9999]"
    >
      <div
        class="w-1/2"
      >
        <img
          alt="floc"
          data-nimg="1"
          decoding="async"
          height="50"
          loading="lazy"
          src="/images/floc-logo.svg"
          style="color: transparent;"
          width="50"
        />
      </div>
      <div
        class="flex w-1/2 justify-evenly text-primary"
      >
        <p>
          Creatives
        </p>
        <p>
          Package
        </p>
        <p>
          Jobs
        </p>
        <p>
          About
        </p>
        <p>
          Profile
        </p>
      </div>
    </div>
    <div
      class="h-screen"
    >
      <section
        class="flex items-center justify-center bg-[#E7DFD3] h-1/2"
        id="banner"
      >
        <div
          class=""
        >
          <h1
            class="text-6xl text-primary leading-snug font-medium"
          >
            Find your flexible 
            <br />
             top talent
          </h1>
          <p
            class="text-primary mt-4"
          >
            lorem ipsum dolor sit amet consectetur. 
            <br />
            Quis integer parturient senectus varius id.
          </p>
        </div>
        <div>
          <img
            alt="banner-illus"
            data-nimg="1"
            decoding="async"
            height="600"
            loading="lazy"
            src="/_next/image?url=%2Fimages%2FLanding-Page-Illus.png&w=1200&q=75"
            srcset="/_next/image?url=%2Fimages%2FLanding-Page-Illus.png&w=640&q=75 1x, /_next/image?url=%2Fimages%2FLanding-Page-Illus.png&w=1200&q=75 2x"
            style="color: transparent;"
            width="600"
          />
        </div>
      </section>
      <section
        class="px-20 py-10 h-full bg-[#F6F3EE]"
      >
        <div
          class="border-b border-[#B9B8B7] pb-6"
        >
          <h2
            class="text-primary text-[32px] font-medium"
          >
            explore packages
          </h2>
        </div>
        <div
          class="p-4"
        >
          <div
            class="flex items-center justify-evenly"
          >
            <p
              class="text-primary font-semibold p-[10px]"
            >
              filter
            </p>
            <div
              class="w-[200px]"
            >
              <div
                class="dropdown"
              >
                <label
                  class="px-2 w-full"
                  tabindex="0"
                >
                  <span
                    class="label "
                  >
                    content type
                  </span>
                </label>
              </div>
            </div>
            <div
              class="w-[200px]"
            >
              <div
                class="dropdown"
              >
                <label
                  class="px-2 w-full"
                  tabindex="0"
                >
                  <span
                    class="label "
                  >
                    objective
                  </span>
                </label>
              </div>
            </div>
            <div
              class="w-[200px]"
            >
              <div
                class="dropdown"
              >
                <label
                  class="px-2 w-full"
                  tabindex="0"
                >
                  <span
                    class="label "
                  >
                    value
                  </span>
                </label>
              </div>
            </div>
            <div
              class="w-[200px]"
            >
              <div
                class="dropdown"
              >
                <label
                  class="px-2 w-full"
                  tabindex="0"
                >
                  <span
                    class="label "
                  >
                    hiring model
                  </span>
                </label>
              </div>
            </div>
          </div>
        </div>
      </section>
    </div>
  </div>
</div>
`;
